GNU Tool Chain  

Linker command line:

\
  --edf=D:\KTC方案\T61FC35TRB-433M\433遥控器资料\Compiler\data\dat\en_msgs.txt \
  -cs -h+ft61fc3x_sleep.sym --cmf=ft61fc3x_sleep.cmf -z -QFT61FC3X \
  -oC:\Users\141257\AppData\Local\Temp\smp0.2 -Mft61fc3x_sleep.map -E1 \
  -ver=XC8 -ASTACK=020h-06fh -pstack=STACK -ACODE=00h-07FFh,0800h-0BFFh \
  -ASTRCODE=00h-0BFFh -ASTRING=00h-0FFhx12 -ACONST=00h-0FFhx12 \
  -AENTRY=00h-0FFhx12 -ACOMMON=070h-07Fh -ABANK0=020h-06Fh \
  -ABANK1=0A0h-0EFh -ABANK2=0120h-016Fh \
  -ARAM=020h-06Fh,0A0h-0EFh,0120h-016Fh \
  -AABS1=020h-07Fh,0A0h-0EFh,0120h-016Fh -ASFR0=00h-01Fh -ASFR1=080h-09Fh \
  -ASFR2=0100h-011Fh -ASFR3=0180h-01EFh \
  -preset_vec=00h,intentry,init,end_init -ppowerup=CODE -pcinit=CODE \
  -pfunctab=ENTRY -ACONFIG=02007h-02007h -pconfig=CONFIG -DCONFIG=2 \
  -AIDLOC=02000h-02003h -pidloc=IDLOC -DIDLOC=2 -AEEDATA=00h-07Fh/02100h \
  -peeprom_data=EEDATA -DEEDATA=2 -DCODE=2 -DSTRCODE=2 -DSTRING=2 -DCONST=2 \
  -DENTRY=2 -k C:\Users\141257\AppData\Local\Temp\smp0.obj \
  ft61fc3x_sleep.obj 

Object code version is 3.11

Machine type is FT61FC3X



                Name                               Link     Load   Length Selector   Space Scale
C:\Users\141257\AppData\Local\Temp\smp0.obj
                end_init                              0        0        2        0       0
ft61fc3x_sleep.obj
                cinit                               7FD      7FD        3      FFA       0
                text2                               7D2      7D2       2B      FA4       0
                text1                               7AE      7AE       11      F5C       0
                maintext                            7BF      7BF       13      F7E       0
                cstackCOMMON                         70       70        8       70       1

TOTAL           Name                               Link     Load   Length     Space
        CLASS   STACK          

        CLASS   CODE           
                end_init                              0        0        2         0
                cinit                               7FD      7FD        3         0
                text2                               7D2      7D2       2B         0
                text1                               7AE      7AE       11         0
                maintext                            7BF      7BF       13         0

        CLASS   STRCODE        

        CLASS   STRING         

        CLASS   CONST          

        CLASS   ENTRY          

        CLASS   COMMON         
                cstackCOMMON                         70       70        8         1

        CLASS   BANK0          

        CLASS   BANK1          

        CLASS   BANK2          

        CLASS   RAM            

        CLASS   ABS1           
                abs_s1                               7E       7E        2         1

        CLASS   SFR0           

        CLASS   SFR1           

        CLASS   SFR2           

        CLASS   SFR3           

        CLASS   CONFIG         

        CLASS   IDLOC          

        CLASS   EEDATA         

        CLASS   BANK3          



SEGMENTS        Name                           Load    Length   Top    Selector   Space  Class     Delta

                reset_vec                      000000  000002  000002         0       0  CODE        2
                cstackCOMMON                   000070  000008  000078        70       1  COMMON      1
                text1                          0007AE  000011  0007BF       F5C       0  CODE        2
                maintext                       0007BF  000013  0007D2       F7E       0  CODE        2
                text2                          0007D2  00002B  0007FD       FA4       0  CODE        2
                cinit                          0007FD  000003  000800       FFA       0  CODE        2


UNUSED ADDRESS RANGES

        Name                Unused          Largest block    Delta
        BANK0            0020-006F             50           1
        BANK1            00A0-00EF             50           1
        BANK2            0120-016F             50           1
        CODE             0002-07AD            7AC           2
                         0800-0BFF            400
        COMMON           0078-007D              6           1
        CONFIG           2007-2007              1           2
        CONST            0002-07AD            100           2
                         0800-0BFF            100
        EEDATA           2100-217F             80           2
        ENTRY            0002-07AD            100           2
                         0800-0BFF            100
        IDLOC            2000-2003              4           2
        RAM              0020-006F             50           1
                         00A0-00EF             50
                         0120-016F             50
        SFR0             0000-001F             20           1
        SFR1             0080-009F             20           1
        SFR2             0100-011F             20           1
        SFR3             0180-01EF             70           1
        STACK            0020-006F             50           1
        STRCODE          0002-07AD            7AC           2
                         0800-0BFF            400
        STRING           0002-07AD            100           2
                         0800-0BFF            100

                                  Symbol Table

DelayMs@Time             cstackCOMMON 0072
DelayMs@a                cstackCOMMON 0073
DelayMs@b                cstackCOMMON 0074
DelayS@Time              cstackCOMMON 0075
DelayS@a                 cstackCOMMON 0076
DelayS@b                 cstackCOMMON 0077
DelayUs@Time             cstackCOMMON 0070
DelayUs@a                cstackCOMMON 0071
_DelayMs                 text2        07E3
_DelayS                  text2        07D2
_DelayUs                 text2        07F4
_INTCON                  (abs)        000B
_OPTION                  (abs)        0081
_OSCCON                  (abs)        008F
_PA0                     (abs)        0028
_PA1                     (abs)        0029
_PORTA                   (abs)        0005
_PORTC                   (abs)        0007
_POWER_INITIAL           text1        07AE
_TRISA                   (abs)        0085
_TRISC                   (abs)        0087
_WPUA                    (abs)        0095
_WPUC                    (abs)        0093
__Habs1                  abs1         0000
__Hbank0                 bank0        0000
__Hbank1                 bank1        0000
__Hbank2                 bank2        0000
__Hbank3                 bank3        0000
__Hcinit                 cinit        0800
__Hclrtext               clrtext      0000
__Hcode                  code         0000
__Hcommon                common       0000
__Hconfig                config       0000
__HcstackCOMMON          cstackCOMMON 0000
__Heeprom_data           eeprom_data  0000
__Hend_init              end_init     0002
__Hfunctab               functab      0000
__Hidloc                 idloc        0000
__Hinit                  init         0000
__Hintentry              intentry     0000
__Hmaintext              maintext     0000
__Hpa_nodes0             pa_nodes0    0000
__Hpowerup               powerup      0000
__Hram                   ram          0000
__Hreset_vec             reset_vec    0000
__Hsfr0                  sfr0         0000
__Hsfr1                  sfr1         0000
__Hsfr2                  sfr2         0000
__Hsfr3                  sfr3         0000
__Hspace_0               (abs)        0800
__Hspace_1               (abs)        0078
__Hspace_2               (abs)        0000
__Hspace_3               (abs)        0000
__Hstack                 stack        0000
__Hstrings               strings      0000
__Htext                  text         0000
__Labs1                  abs1         0000
__Lbank0                 bank0        0000
__Lbank1                 bank1        0000
__Lbank2                 bank2        0000
__Lbank3                 bank3        0000
__Lcinit                 cinit        07FD
__Lclrtext               clrtext      0000
__Lcode                  code         0000
__Lcommon                common       0000
__Lconfig                config       0000
__LcstackCOMMON          cstackCOMMON 0000
__Leeprom_data           eeprom_data  0000
__Lend_init              end_init     0000
__Lfunctab               functab      0000
__Lidloc                 idloc        0000
__Linit                  init         0000
__Lintentry              intentry     0000
__Lmaintext              maintext     0000
__Lpa_nodes0             pa_nodes0    0000
__Lpowerup               powerup      0000
__Lram                   ram          0000
__Lreset_vec             reset_vec    0000
__Lsfr0                  sfr0         0000
__Lsfr1                  sfr1         0000
__Lsfr2                  sfr2         0000
__Lsfr3                  sfr3         0000
__Lspace_0               (abs)        0000
__Lspace_1               (abs)        0000
__Lspace_2               (abs)        0000
__Lspace_3               (abs)        0000
__Lstack                 stack        0000
__Lstrings               strings      0000
__Ltext                  text         0000
__S0                     (abs)        0800
__S1                     (abs)        0078
__S2                     (abs)        0000
__S3                     (abs)        0000
___int_sp                stack        0000
___latbits               (abs)        0001
___sp                    stack        0000
__end_of_DelayMs         text2        07F4
__end_of_DelayS          text2        07E3
__end_of_DelayUs         text2        07FD
__end_of_POWER_INITIAL   text1        07BF
__end_of__initialization cinit        07FD
__end_of_main            maintext     07D2
__initialization         cinit        07FD
__pcstackCOMMON          cstackCOMMON 0070
__pmaintext              maintext     07BF
__ptext0                 text0        0000
__ptext1                 text1        07AE
__ptext2                 text2        07D2
__ptext3                 text2        07E3
__ptext4                 text2        07F4
__size_of_DelayMs        (abs)        0000
__size_of_DelayS         (abs)        0000
__size_of_DelayUs        (abs)        0000
__size_of_POWER_INITIAL  (abs)        0000
__size_of_main           (abs)        0000
_main                    maintext     07BF
btemp                    (abs)        007E
end_of_initialization    cinit        07FD
intlevel0                functab      0000
intlevel1                functab      0000
intlevel2                functab      0000
intlevel3                functab      0000
intlevel4                functab      0000
intlevel5                functab      0000
reset_vec                reset_vec    0000
stackhi                  (abs)        0000
stacklo                  (abs)        0000
start                    init         0000
start_initialization     cinit        07FD
wtemp0                   (abs)        007E


FUNCTION INFORMATION:

 *************** function _main *****************
 Defined at:
		line 108 in file "FT61FC3x_SLEEP.C"
 Parameters:    Size  Location     Type
		None
 Auto vars:     Size  Location     Type
		None
 Return value:  Size  Location     Type
                  1    wreg      void 
 Registers used:
		wreg, status,2, status,0, pclath, cstack
 Tracked objects:
		On entry : 
		On exit  : 
		Unchanged: 
 Data sizes:     COMMON   BANK0   BANK1   BANK2
      Params:         0       0       0       0
      Locals:         0       0       0       0
      Temps:          0       0       0       0
      Totals:         0       0       0       0
Total ram usage:        0 bytes
 Hardware stack levels required when called:    3
 This function calls:
		_DelayS
		_POWER_INITIAL
 This function is called by:
		Startup code after reset
 This function uses a non-reentrant model


 *************** function _POWER_INITIAL *****************
 Defined at:
		line 40 in file "FT61FC3x_SLEEP.C"
 Parameters:    Size  Location     Type
		None
 Auto vars:     Size  Location     Type
		None
 Return value:  Size  Location     Type
                  1    wreg      void 
 Registers used:
		wreg, status,2
 Tracked objects:
		On entry : 
		On exit  : 
		Unchanged: 
 Data sizes:     COMMON   BANK0   BANK1   BANK2
      Params:         0       0       0       0
      Locals:         0       0       0       0
      Temps:          0       0       0       0
      Totals:         0       0       0       0
Total ram usage:        0 bytes
 Hardware stack levels used:    1
 This function calls:
		Nothing
 This function is called by:
		_main
 This function uses a non-reentrant model


 *************** function _DelayS *****************
 Defined at:
		line 92 in file "FT61FC3x_SLEEP.C"
 Parameters:    Size  Location     Type
  Time            1    wreg     unsigned char 
 Auto vars:     Size  Location     Type
  Time            1    5[COMMON] unsigned char 
  b               1    7[COMMON] unsigned char 
  a               1    6[COMMON] unsigned char 
 Return value:  Size  Location     Type
                  1    wreg      void 
 Registers used:
		wreg, status,2, status,0, pclath, cstack
 Tracked objects:
		On entry : 
		On exit  : 
		Unchanged: 
 Data sizes:     COMMON   BANK0   BANK1   BANK2
      Params:         0       0       0       0
      Locals:         3       0       0       0
      Temps:          0       0       0       0
      Totals:         3       0       0       0
Total ram usage:        3 bytes
 Hardware stack levels used:    1
 Hardware stack levels required when called:    2
 This function calls:
		_DelayMs
 This function is called by:
		_main
 This function uses a non-reentrant model


 *************** function _DelayMs *****************
 Defined at:
		line 75 in file "FT61FC3x_SLEEP.C"
 Parameters:    Size  Location     Type
  Time            1    wreg     unsigned char 
 Auto vars:     Size  Location     Type
  Time            1    2[COMMON] unsigned char 
  b               1    4[COMMON] unsigned char 
  a               1    3[COMMON] unsigned char 
 Return value:  Size  Location     Type
                  1    wreg      void 
 Registers used:
		wreg, status,2, status,0, pclath, cstack
 Tracked objects:
		On entry : 
		On exit  : 
		Unchanged: 
 Data sizes:     COMMON   BANK0   BANK1   BANK2
      Params:         0       0       0       0
      Locals:         3       0       0       0
      Temps:          0       0       0       0
      Totals:         3       0       0       0
Total ram usage:        3 bytes
 Hardware stack levels used:    1
 Hardware stack levels required when called:    1
 This function calls:
		_DelayUs
 This function is called by:
		_DelayS
 This function uses a non-reentrant model


 *************** function _DelayUs *****************
 Defined at:
		line 61 in file "FT61FC3x_SLEEP.C"
 Parameters:    Size  Location     Type
  Time            1    wreg     unsigned char 
 Auto vars:     Size  Location     Type
  Time            1    0[COMMON] unsigned char 
  a               1    1[COMMON] unsigned char 
 Return value:  Size  Location     Type
                  1    wreg      void 
 Registers used:
		wreg, status,2, status,0
 Tracked objects:
		On entry : 
		On exit  : 
		Unchanged: 
 Data sizes:     COMMON   BANK0   BANK1   BANK2
      Params:         0       0       0       0
      Locals:         2       0       0       0
      Temps:          0       0       0       0
      Totals:         2       0       0       0
Total ram usage:        2 bytes
 Hardware stack levels used:    1
 This function calls:
		Nothing
 This function is called by:
		_DelayMs
 This function uses a non-reentrant model



MODULE INFORMATION

Module		Function		Class		Link	Load	Size
FT61FC3x_SLEEP.C
		_DelayUs       		CODE           	07F4	0000	10
		_main          		CODE           	07BF	0000	20
		_DelayS        		CODE           	07D2	0000	18
		_DelayMs       		CODE           	07E3	0000	18
		_POWER_INITIAL 		CODE           	07AE	0000	18

FT61FC3x_SLEEP.C estimated size: 84

shared
		__initialization		CODE           	07FD	0000	1

shared estimated size: 1

