GNU Tool Chain  

Linker command line:

--edf=C:\Program Files (x86)\CCompiler\Compiler\data\dat\en_msgs.txt -cs \
  -h+ft61fc35trb.sym --cmf=ft61fc35trb.cmf -z -w9 --disl=596:off -QFT61FC3X \
  -oC:\Users\148092~1.SYS\AppData\Local\Temp\s126c.2 -Mft61fc35trb.map -E1 \
  -ver=XC8 -ACODE=00h-07FFh,0800h-0BFFh -ASTRCODE=00h-0BFFh \
  -ASTRING=00h-0FFhx12 -ACONST=00h-0FFhx12 -AENTRY=00h-0FFhx12 \
  -ACOMMON=070h-07Fh -ABANK0=020h-06Fh -ABANK1=0A0h-0EFh \
  -ABANK2=0120h-016Fh -ARAM=020h-06Fh,0A0h-0EFh,0120h-016Fh \
  -AABS1=020h-07Fh,0A0h-0EFh,0120h-016Fh -ASFR0=00h-01Fh -ASFR1=080h-09Fh \
  -ASFR2=0100h-011Fh -ASFR3=0180h-01EFh \
  -preset_vec=00h,intentry,init,end_init -ppowerup=CODE -pcinit=CODE \
  -pfunctab=ENTRY -ACONFIG=02007h-02007h -pconfig=CONFIG -DCONFIG=2 \
  -AIDLOC=02000h-02003h -pidloc=IDLOC -DIDLOC=2 -AEEDATA=00h-07Fh/02100h \
  -peeprom_data=EEDATA -DEEDATA=2 -DCODE=2 -DSTRCODE=2 -DSTRING=2 -DCONST=2 \
  -DENTRY=2 -k C:\Users\148092~1.SYS\AppData\Local\Temp\s126c.obj \
  ft61fc35trb.obj 

Object code version is 3.11

Machine type is FT61FC3X



                Name                               Link     Load   Length Selector   Space Scale
C:\Users\148092~1.SYS\AppData\Local\Temp\s126c.obj
                end_init                              7        7        3        0       0
ft61fc35trb.obj cinit                               7F2      7F2        E      FE4       0
                intentry                              0        0        7        0       0
                text7                               6B8      6B8        7      D70       0
                text1                               6C7      6C7      12B      D8E       0
                maintext                            6B4      6B4        4      D68       0
                cstackBANK0                          41       41        1       20       1
                cstackCOMMON                         70       70        7       70       1
                clrtext                             6BF      6BF        8      D7E       0
                bssBANK0                             20       20       21       20       1
                bssCOMMON                            77       77        5       70       1
                stringtext                            0        0      970        0       0
                strings                               A        A        8       14       0

TOTAL           Name                               Link     Load   Length     Space
        CLASS   CODE           
                end_init                              7        7        3         0
                cinit                               7F2      7F2        E         0
                intentry                              0        0        7         0
                text7                               6B8      6B8        7         0
                text1                               6C7      6C7      12B         0
                maintext                            6B4      6B4        4         0
                clrtext                             6BF      6BF        8         0

        CLASS   STRCODE        
                stringtext                            0        0      970         0

        CLASS   STRING         
                strings                               A        A        8         0

        CLASS   CONST          

        CLASS   ENTRY          

        CLASS   COMMON         
                cstackCOMMON                         70       70        7         1
                bssCOMMON                            77       77        5         1

        CLASS   BANK0          
                cstackBANK0                          41       41        1         1
                bssBANK0                             20       20       21         1

        CLASS   BANK1          

        CLASS   BANK2          

        CLASS   RAM            

        CLASS   ABS1           
                abs_s1                               7E       7E        2         1

        CLASS   SFR0           

        CLASS   SFR1           

        CLASS   SFR2           

        CLASS   SFR3           

        CLASS   CONFIG         

        CLASS   IDLOC          

        CLASS   EEDATA         

        CLASS   BANK3          

        CLASS   STACK          



SEGMENTS        Name                           Load    Length   Top    Selector   Space  Class     Delta

                reset_vec                      000000  00000A  00000A         0       0  CODE        2
                strings                        00000A  000008  000012        14       0  STRING      2
                bssBANK0                       000020  000022  000042        20       1  BANK0       1
                cstackCOMMON                   000070  00000C  00007C        70       1  COMMON      1
                maintext                       0006B4  000004  0006B8       D68       0  CODE        2
                text7                          0006B8  000007  0006BF       D70       0  CODE        2
                clrtext                        0006BF  000008  0006C7       D7E       0  CODE        2
                text1                          0006C7  00012B  0007F2       D8E       0  CODE        2
                cinit                          0007F2  00000E  000800       FE4       0  CODE        2


UNUSED ADDRESS RANGES

        Name                Unused          Largest block    Delta
        BANK0            0042-006F             2E           1
        BANK1            00A0-00EF             50           1
        BANK2            0120-016F             50           1
        CODE             0970-0BFF            290           2
        COMMON           007C-007D              2           1
        CONFIG           2007-2007              1           2
        CONST            0970-0BFF            100           2
        EEDATA           2100-217F             80           2
        ENTRY            0970-0BFF            100           2
        IDLOC            2000-2003              4           2
        RAM              0042-006F             2E           1
                         00A0-00EF             50
                         0120-016F             50
        SFR0             0000-001F             20           1
        SFR1             0080-009F             20           1
        SFR2             0100-011F             20           1
        SFR3             0180-01EF             70           1
        STRCODE          0970-0BFF            290           2
        STRING           0970-0BFF            100           2

                                  Symbol Table

GPIO_INIT@gpio_x           cstackBANK0  0041
GPIO_INIT@out_in           cstackCOMMON 0075
GPIO_INIT@pull_dir         cstackCOMMON 0076
PL10                       text1        07EE
PL2                        text1        07BB
PL4                        text1        07CA
PL6                        text1        07D9
PL8                        text1        07E8
Pin_SetDirection@dir       cstackCOMMON 0072
Pin_SetDirection@pin       cstackCOMMON 0074
Pin_SetPullUp@enable       cstackCOMMON 0072
Pin_SetPullUp@pin          cstackCOMMON 0074
_GPIO_CLOCK_INIT           text1        06CA
_GPIO_INIT                 text1        06E2
_IICReadData               bssCOMMON    0077
_IIC_INITIAL               text1        06D5
_INTCON                    (abs)        000B
_ISR                       text7        06B8
_OPTION                    (abs)        0081
_OSCCON                    (abs)        008F
_PA0                       (abs)        0028
_PA2                       (abs)        002A
_PA4                       (abs)        002C
_PA7                       (abs)        002F
_PB0                       (abs)        0030
_PB7                       (abs)        0037
_PC0                       (abs)        0038
_PC1                       (abs)        0039
_PORTA                     (abs)        0005
_PORTB                     (abs)        0006
_PORTC                     (abs)        0007
_Pin_SetDirection          text1        06ED
_Pin_SetPullUp             text1        0733
_TRISA                     (abs)        0085
_TRISB                     (abs)        0086
_TRISC                     (abs)        0087
_WPUA                      (abs)        0095
_WPUB                      (abs)        010D
_WPUC                      (abs)        0093
__Habs1                    abs1         0000
__Hbank0                   bank0        0000
__Hbank1                   bank1        0000
__Hbank2                   bank2        0000
__Hbank3                   bank3        0000
__HbssBANK0                bssBANK0     0000
__HbssCOMMON               bssCOMMON    0000
__Hcinit                   cinit        0800
__Hclrtext                 clrtext      0000
__Hcode                    code         0000
__Hcommon                  common       0000
__Hconfig                  config       0000
__HcstackBANK0             cstackBANK0  0000
__HcstackCOMMON            cstackCOMMON 0000
__Heeprom_data             eeprom_data  0000
__Hend_init                end_init     000A
__Hfunctab                 functab      0000
__Hidloc                   idloc        0000
__Hinit                    init         0007
__Hintentry                intentry     0007
__Hmaintext                maintext     0000
__Hpa_nodes0               pa_nodes0    0000
__Hpowerup                 powerup      0000
__Hram                     ram          0000
__Hreset_vec               reset_vec    0000
__Hsfr0                    sfr0         0000
__Hsfr1                    sfr1         0000
__Hsfr2                    sfr2         0000
__Hsfr3                    sfr3         0000
__Hspace_0                 (abs)        0970
__Hspace_1                 (abs)        007C
__Hspace_2                 (abs)        0000
__Hspace_3                 (abs)        0000
__Hstack                   stack        0000
__Hstrings                 strings      0000
__Hstringtext              stringtext   0000
__Htext                    text         0000
__Labs1                    abs1         0000
__Lbank0                   bank0        0000
__Lbank1                   bank1        0000
__Lbank2                   bank2        0000
__Lbank3                   bank3        0000
__LbssBANK0                bssBANK0     0000
__LbssCOMMON               bssCOMMON    0000
__Lcinit                   cinit        07F2
__Lclrtext                 clrtext      0000
__Lcode                    code         0000
__Lcommon                  common       0000
__Lconfig                  config       0000
__LcstackBANK0             cstackBANK0  0000
__LcstackCOMMON            cstackCOMMON 0000
__Leeprom_data             eeprom_data  0000
__Lend_init                end_init     0007
__Lfunctab                 functab      0000
__Lidloc                   idloc        0000
__Linit                    init         0007
__Lintentry                intentry     0000
__Lmaintext                maintext     0000
__Lpa_nodes0               pa_nodes0    0000
__Lpowerup                 powerup      0000
__Lram                     ram          0000
__Lreset_vec               reset_vec    0000
__Lsfr0                    sfr0         0000
__Lsfr1                    sfr1         0000
__Lsfr2                    sfr2         0000
__Lsfr3                    sfr3         0000
__Lspace_0                 (abs)        0000
__Lspace_1                 (abs)        0000
__Lspace_2                 (abs)        0000
__Lspace_3                 (abs)        0000
__Lstack                   stack        0000
__Lstrings                 strings      0000
__Lstringtext              stringtext   0000
__Ltext                    text         0000
__S0                       (abs)        0800
__S1                       (abs)        007C
__S3                       (abs)        0000
___int_sp                  stack        0000
___latbits                 (abs)        0001
___sp                      stack        0000
__end_ofPL10               text1        07F2
__end_ofPL2                text1        07CA
__end_ofPL4                text1        07D9
__end_ofPL6                text1        07E8
__end_ofPL8                text1        07EE
__end_of_GPIO_CLOCK_INIT   text1        06D5
__end_of_GPIO_INIT         text1        06ED
__end_of_IIC_INITIAL       text1        06E2
__end_of_ISR               text7        06BF
__end_of_Pin_SetDirection  text1        0733
__end_of_Pin_SetPullUp     text1        07BB
__end_of__initialization   cinit        07FD
__end_of__stringtab        strings      0012
__end_of_hardware_init     text1        06CA
__end_of_main              maintext     06B8
__initialization           cinit        07F2
__pbssBANK0                bssBANK0     0020
__pbssCOMMON               bssCOMMON    0077
__pcstackBANK0             cstackBANK0  0041
__pcstackCOMMON            cstackCOMMON 0070
__pintentry                intentry     0000
__pmaintext                maintext     06B4
__pstrings                 strings      000A
__pstringtext              stringtext   0000
__ptext0                   text0        0000
__ptext1                   text1        06C7
__ptext2                   text1        06D5
__ptext3                   text1        06E2
__ptext4                   text1        0733
__ptext5                   text1        06ED
__ptext6                   text1        06CA
__ptext7                   text7        06B8
__size_of_GPIO_CLOCK_INIT  (abs)        0000
__size_of_GPIO_INIT        (abs)        0000
__size_of_IIC_INITIAL      (abs)        0000
__size_of_ISR              (abs)        0000
__size_of_Pin_SetDirection (abs)        0000
__size_of_Pin_SetPullUp    (abs)        0000
__size_of_hardware_init    (abs)        0000
__size_of_main             (abs)        0000
__stringbase               strings      0012
__stringtab                strings      000A
_hardware_init             text1        06C7
_main                      maintext     06B4
btemp                      (abs)        007E
clear_ram0                 clrtext      06BF
end_of_initialization      cinit        07FD
interrupt_function         intentry     0000
intlevel0                  functab      0000
intlevel1                  functab      0000
intlevel2                  functab      0000
intlevel3                  functab      0000
intlevel4                  functab      0000
intlevel5                  functab      0000
reset_vec                  reset_vec    0000
saved_w                    (abs)        007E
stackhi                    (abs)        0000
stacklo                    (abs)        0000
start                      init         0007
start_initialization       cinit        07F2
wtemp0                     (abs)        007E
